mkdir -p {OUTPUT}/library-v1-gen-csharp
protoc --proto_path=test/fake-repos/gapi-core-proto/src/main/proto/ --proto_path=test/fake-repos/fake-proto --proto_path=MOCK_GRADLE_TASK_OUTPUT --csharp_out={OUTPUT}/library-v1-gen-csharp test/fake-repos/fake-proto/fake.proto
mkdir -p {OUTPUT}/library-v1-gen-csharp
which grpc_csharp_plugin
protoc --proto_path=test/fake-repos/gapi-core-proto/src/main/proto/ --proto_path=test/fake-repos/fake-proto --proto_path=MOCK_GRADLE_TASK_OUTPUT --plugin=protoc-gen-grpc= --grpc_out={OUTPUT}/library-v1-gen-csharp test/fake-repos/fake-proto/fake.proto
