mkdir -p {OUTPUT}
protoc --proto_path=test/fake-repos/gapi-core-proto/src/main/proto/ --proto_path=test/fake-repos/fake-mixin-proto --proto_path=test/fake-repos/fake-proto --proto_path=MOCK_GRADLE_TASK_OUTPUT --include_imports --include_source_info -o {OUTPUT}/library-v1.desc test/fake-repos/fake-proto/fake.proto test/fake-repos/fake-mixin-proto/fake_mixin.proto
rm -rf {OUTPUT}/library-v1-gapic-gen-csharp
test/fake-repos/toolkit/gradlew -p test/fake-repos/toolkit runVGen -Pclargs=--descriptor_set={OUTPUT}/library-v1.desc,--output={OUTPUT}/library-v1-gapic-gen-csharp,--service_yaml={CWD}/test/testdata/gapi-example-library-proto/src/main/proto/google/example/library/library.yaml,--gapic_yaml={CWD}/test/testdata/gapi-example-library-proto/src/main/proto/google/example/library/library_gapic.yaml,--gapic_yaml={CWD}/test/testdata/gapi-example-library-proto/src/main/proto/google/example/library/csharp_gapic.yaml
rm -rf {OUTPUT}/final/csharp/library-v1
mkdir -p {OUTPUT}/final/csharp/library-v1
cp -rf {OUTPUT}/library-v1-gapic-gen-csharp/MyApi.cs {OUTPUT}/final/csharp/library-v1
mkdir -p {OUTPUT}
protoc --proto_path=test/fake-repos/gapi-core-proto/src/main/proto/ --proto_path=test/fake-repos/fake-mixin-proto --proto_path=test/fake-repos/fake-proto --proto_path=MOCK_GRADLE_TASK_OUTPUT --include_imports --include_source_info -o {OUTPUT}/library-v1.desc test/fake-repos/fake-proto/fake.proto test/fake-repos/fake-mixin-proto/fake_mixin.proto
rm -rf {OUTPUT}/library-v1-gapic-gen-go
test/fake-repos/toolkit/gradlew -p test/fake-repos/toolkit runVGen -Pclargs=--descriptor_set={OUTPUT}/library-v1.desc,--output={OUTPUT}/library-v1-gapic-gen-go,--service_yaml={CWD}/test/testdata/gapi-example-library-proto/src/main/proto/google/example/library/library.yaml,--gapic_yaml={CWD}/test/testdata/gapi-example-library-proto/src/main/proto/google/example/library/library_gapic.yaml,--gapic_yaml={CWD}/test/testdata/gapi-example-library-proto/src/main/proto/google/example/library/go_gapic.yaml
gofmt -w {OUTPUT}/library-v1-gapic-gen-go
rm -rf {OUTPUT}/final/go/library-v1
mkdir -p {OUTPUT}/final/go/library-v1
cp -rf {OUTPUT}/library-v1-gapic-gen-go/my_api.go {OUTPUT}/final/go/library-v1
mkdir -p {OUTPUT}
protoc --proto_path=test/fake-repos/gapi-core-proto/src/main/proto/ --proto_path=test/fake-repos/fake-mixin-proto --proto_path=test/fake-repos/fake-proto --proto_path=MOCK_GRADLE_TASK_OUTPUT --include_imports --include_source_info -o {OUTPUT}/library-v1.desc test/fake-repos/fake-proto/fake.proto test/fake-repos/fake-mixin-proto/fake_mixin.proto
rm -rf {OUTPUT}/library-v1-gapic-gen-java
test/fake-repos/toolkit/gradlew -p test/fake-repos/toolkit runVGen -Pclargs=--descriptor_set={OUTPUT}/library-v1.desc,--output={OUTPUT}/library-v1-gapic-gen-java,--service_yaml={CWD}/test/testdata/gapi-example-library-proto/src/main/proto/google/example/library/library.yaml,--gapic_yaml={CWD}/test/testdata/gapi-example-library-proto/src/main/proto/google/example/library/library_gapic.yaml,--gapic_yaml={CWD}/test/testdata/gapi-example-library-proto/src/main/proto/google/example/library/java_gapic.yaml
java -jar MOCK_GRADLE_TASK_OUTPUT --replace {OUTPUT}/library-v1-gapic-gen-java/MyApi.java
rm -rf {OUTPUT}/final/java/library-v1
mkdir -p {OUTPUT}/final/java/library-v1
cp -rf {OUTPUT}/library-v1-gapic-gen-java/MyApi.java {OUTPUT}/final/java/library-v1
mkdir -p {OUTPUT}
protoc --proto_path=test/fake-repos/gapi-core-proto/src/main/proto/ --proto_path=test/fake-repos/fake-mixin-proto --proto_path=test/fake-repos/fake-proto --proto_path=MOCK_GRADLE_TASK_OUTPUT --include_imports --include_source_info -o {OUTPUT}/library-v1.desc test/fake-repos/fake-proto/fake.proto test/fake-repos/fake-mixin-proto/fake_mixin.proto
rm -rf {OUTPUT}/library-v1-gapic-gen-nodejs
test/fake-repos/toolkit/gradlew -p test/fake-repos/toolkit runVGen -Pclargs=--descriptor_set={OUTPUT}/library-v1.desc,--output={OUTPUT}/library-v1-gapic-gen-nodejs,--service_yaml={CWD}/test/testdata/gapi-example-library-proto/src/main/proto/google/example/library/library.yaml,--gapic_yaml={CWD}/test/testdata/gapi-example-library-proto/src/main/proto/google/example/library/library_gapic.yaml,--gapic_yaml={CWD}/test/testdata/gapi-example-library-proto/src/main/proto/google/example/library/nodejs_gapic.yaml
rm -rf {OUTPUT}/final/nodejs/library-v1
mkdir -p {OUTPUT}/final/nodejs/library-v1
cp -rf {OUTPUT}/library-v1-gapic-gen-nodejs/my_api.js {OUTPUT}/final/nodejs/library-v1
mkdir -p {OUTPUT}
protoc --proto_path=test/fake-repos/gapi-core-proto/src/main/proto/ --proto_path=test/fake-repos/fake-mixin-proto --proto_path=test/fake-repos/fake-proto --proto_path=MOCK_GRADLE_TASK_OUTPUT --include_imports --include_source_info -o {OUTPUT}/library-v1.desc test/fake-repos/fake-proto/fake.proto test/fake-repos/fake-mixin-proto/fake_mixin.proto
rm -rf {OUTPUT}/library-v1-gapic-gen-php
test/fake-repos/toolkit/gradlew -p test/fake-repos/toolkit runVGen -Pclargs=--descriptor_set={OUTPUT}/library-v1.desc,--output={OUTPUT}/library-v1-gapic-gen-php,--service_yaml={CWD}/test/testdata/gapi-example-library-proto/src/main/proto/google/example/library/library.yaml,--gapic_yaml={CWD}/test/testdata/gapi-example-library-proto/src/main/proto/google/example/library/library_gapic.yaml,--gapic_yaml={CWD}/test/testdata/gapi-example-library-proto/src/main/proto/google/example/library/php_gapic.yaml
rm -rf {OUTPUT}/final/php/library-v1
mkdir -p {OUTPUT}/final/php/library-v1
cp -rf {OUTPUT}/library-v1-gapic-gen-php/MyApi.php {OUTPUT}/final/php/library-v1
mkdir -p {OUTPUT}
protoc --proto_path=test/fake-repos/gapi-core-proto/src/main/proto/ --proto_path=test/fake-repos/fake-mixin-proto --proto_path=test/fake-repos/fake-proto --proto_path=MOCK_GRADLE_TASK_OUTPUT --include_imports --include_source_info -o {OUTPUT}/library-v1.desc test/fake-repos/fake-proto/fake.proto test/fake-repos/fake-mixin-proto/fake_mixin.proto
rm -rf {OUTPUT}/library-v1-gapic-gen-python
test/fake-repos/toolkit/gradlew -p test/fake-repos/toolkit runVGen -Pclargs=--descriptor_set={OUTPUT}/library-v1.desc,--output={OUTPUT}/library-v1-gapic-gen-python,--service_yaml={CWD}/test/testdata/gapi-example-library-proto/src/main/proto/google/example/library/library.yaml,--gapic_yaml={CWD}/test/testdata/gapi-example-library-proto/src/main/proto/google/example/library/library_gapic.yaml,--gapic_yaml={CWD}/test/testdata/gapi-example-library-proto/src/main/proto/google/example/library/python_gapic.yaml
rm -rf {OUTPUT}/final/python/library-v1
mkdir -p {OUTPUT}/final/python/library-v1
cp -rf {OUTPUT}/library-v1-gapic-gen-python/my_api.py {OUTPUT}/final/python/library-v1
mkdir -p {OUTPUT}
protoc --proto_path=test/fake-repos/gapi-core-proto/src/main/proto/ --proto_path=test/fake-repos/fake-mixin-proto --proto_path=test/fake-repos/fake-proto --proto_path=MOCK_GRADLE_TASK_OUTPUT --include_imports --include_source_info -o {OUTPUT}/library-v1.desc test/fake-repos/fake-proto/fake.proto test/fake-repos/fake-mixin-proto/fake_mixin.proto
rm -rf {OUTPUT}/library-v1-gapic-gen-ruby
test/fake-repos/toolkit/gradlew -p test/fake-repos/toolkit runVGen -Pclargs=--descriptor_set={OUTPUT}/library-v1.desc,--output={OUTPUT}/library-v1-gapic-gen-ruby,--service_yaml={CWD}/test/testdata/gapi-example-library-proto/src/main/proto/google/example/library/library.yaml,--gapic_yaml={CWD}/test/testdata/gapi-example-library-proto/src/main/proto/google/example/library/library_gapic.yaml,--gapic_yaml={CWD}/test/testdata/gapi-example-library-proto/src/main/proto/google/example/library/ruby_gapic.yaml
rm -rf {OUTPUT}/final/ruby/library-v1
mkdir -p {OUTPUT}/final/ruby/library-v1
cp -rf {OUTPUT}/library-v1-gapic-gen-ruby/my_api.rb {OUTPUT}/final/ruby/library-v1
