mkdir -p {CWD}/test/testdata/test_output
protoc --proto_path=test/fake-repos/gapi-core-proto/src/main/proto/ --proto_path=test/fake-repos/fake-mixin-proto --proto_path=test/fake-repos/fake-proto --proto_path=MOCK_GRADLE_TASK_OUTPUT --include_imports --include_source_info -o {CWD}/test/testdata/test_output/google-cloud-library-v1.desc test/fake-repos/fake-proto/fake.proto test/fake-repos/fake-mixin-proto/fake_mixin.proto
rm -rf {CWD}/test/testdata/test_output/google-cloud-library-v1-gapic-gen-csharp
test/fake-repos/toolkit/gradlew -p test/fake-repos/toolkit runCodeGen -Pclargs=--descriptor_set={CWD}/test/testdata/test_output/google-cloud-library-v1.desc,--package_yaml={CWD}/test/testdata/test_output/google-cloud-library-v1_package.yaml,--output={CWD}/test/testdata/test_output/google-cloud-library-v1-gapic-gen-csharp,--service_yaml={CWD}/test/testdata/gapi-example-library-proto/src/main/proto/google/example/library/library.yaml,--gapic_yaml={CWD}/test/testdata/gapi-example-library-proto/src/main/proto/google/example/library/library_gapic.yaml,--gapic_yaml={CWD}/test/testdata/gapi-example-library-proto/src/main/proto/google/example/library/csharp_gapic.yaml
rm -rf {CWD}/test/testdata/test_output/staging-repo/csharp/google-cloud-library-v1
mkdir -p {CWD}/test/testdata/test_output/staging-repo/csharp/google-cloud-library-v1
cp -rf {CWD}/test/testdata/test_output/google-cloud-library-v1-gapic-gen-csharp/MyApi.cs {CWD}/test/testdata/test_output/staging-repo/csharp/google-cloud-library-v1
mkdir -p {CWD}/test/testdata/test_output
protoc --proto_path=test/fake-repos/gapi-core-proto/src/main/proto/ --proto_path=test/fake-repos/fake-mixin-proto --proto_path=test/fake-repos/fake-proto --proto_path=MOCK_GRADLE_TASK_OUTPUT --include_imports --include_source_info -o {CWD}/test/testdata/test_output/google-cloud-library-v1.desc test/fake-repos/fake-proto/fake.proto test/fake-repos/fake-mixin-proto/fake_mixin.proto
rm -rf {CWD}/test/testdata/test_output/google-cloud-library-v1-gapic-gen-go
test/fake-repos/toolkit/gradlew -p test/fake-repos/toolkit runCodeGen -Pclargs=--descriptor_set={CWD}/test/testdata/test_output/google-cloud-library-v1.desc,--package_yaml={CWD}/test/testdata/test_output/google-cloud-library-v1_package.yaml,--output={CWD}/test/testdata/test_output/google-cloud-library-v1-gapic-gen-go,--service_yaml={CWD}/test/testdata/gapi-example-library-proto/src/main/proto/google/example/library/library.yaml,--gapic_yaml={CWD}/test/testdata/gapi-example-library-proto/src/main/proto/google/example/library/library_gapic.yaml,--gapic_yaml={CWD}/test/testdata/gapi-example-library-proto/src/main/proto/google/example/library/go_gapic.yaml
gofmt -w {CWD}/test/testdata/test_output/google-cloud-library-v1-gapic-gen-go
rm -rf {CWD}/test/testdata/test_output/staging-repo/go/google-cloud-library-v1
mkdir -p {CWD}/test/testdata/test_output/staging-repo/go/google-cloud-library-v1
cp -rf {CWD}/test/testdata/test_output/google-cloud-library-v1-gapic-gen-go/my_api.go {CWD}/test/testdata/test_output/staging-repo/go/google-cloud-library-v1
mkdir -p {CWD}/test/testdata/test_output
protoc --proto_path=test/fake-repos/gapi-core-proto/src/main/proto/ --proto_path=test/fake-repos/fake-mixin-proto --proto_path=test/fake-repos/fake-proto --proto_path=MOCK_GRADLE_TASK_OUTPUT --include_imports --include_source_info -o {CWD}/test/testdata/test_output/google-cloud-library-v1.desc test/fake-repos/fake-proto/fake.proto test/fake-repos/fake-mixin-proto/fake_mixin.proto
rm -rf {CWD}/test/testdata/test_output/google-cloud-library-v1-gapic-gen-java
test/fake-repos/toolkit/gradlew -p test/fake-repos/toolkit runCodeGen -Pclargs=--descriptor_set={CWD}/test/testdata/test_output/google-cloud-library-v1.desc,--package_yaml={CWD}/test/testdata/test_output/google-cloud-library-v1_package.yaml,--output={CWD}/test/testdata/test_output/google-cloud-library-v1-gapic-gen-java,--service_yaml={CWD}/test/testdata/gapi-example-library-proto/src/main/proto/google/example/library/library.yaml,--gapic_yaml={CWD}/test/testdata/gapi-example-library-proto/src/main/proto/google/example/library/library_gapic.yaml,--gapic_yaml={CWD}/test/testdata/gapi-example-library-proto/src/main/proto/google/example/library/java_gapic.yaml
java -jar MOCK_GRADLE_TASK_OUTPUT --replace {CWD}/test/testdata/test_output/google-cloud-library-v1-gapic-gen-java/MyApi.java
rm -rf {CWD}/test/testdata/test_output/staging-repo/java/google-cloud-library-v1
mkdir -p {CWD}/test/testdata/test_output/staging-repo/java/google-cloud-library-v1
cp -rf {CWD}/test/testdata/test_output/google-cloud-library-v1-gapic-gen-java/MyApi.java {CWD}/test/testdata/test_output/staging-repo/java/google-cloud-library-v1
mkdir -p {CWD}/test/testdata/test_output
protoc --proto_path=test/fake-repos/gapi-core-proto/src/main/proto/ --proto_path=test/fake-repos/fake-mixin-proto --proto_path=test/fake-repos/fake-proto --proto_path=MOCK_GRADLE_TASK_OUTPUT --include_imports --include_source_info -o {CWD}/test/testdata/test_output/google-cloud-library-v1.desc test/fake-repos/fake-proto/fake.proto test/fake-repos/fake-mixin-proto/fake_mixin.proto
rm -rf {CWD}/test/testdata/test_output/google-cloud-library-v1-gapic-gen-nodejs
test/fake-repos/toolkit/gradlew -p test/fake-repos/toolkit runCodeGen -Pclargs=--descriptor_set={CWD}/test/testdata/test_output/google-cloud-library-v1.desc,--package_yaml={CWD}/test/testdata/test_output/google-cloud-library-v1_package.yaml,--output={CWD}/test/testdata/test_output/google-cloud-library-v1-gapic-gen-nodejs,--service_yaml={CWD}/test/testdata/gapi-example-library-proto/src/main/proto/google/example/library/library.yaml,--gapic_yaml={CWD}/test/testdata/gapi-example-library-proto/src/main/proto/google/example/library/library_gapic.yaml,--gapic_yaml={CWD}/test/testdata/gapi-example-library-proto/src/main/proto/google/example/library/nodejs_gapic.yaml
rm -rf {CWD}/test/testdata/test_output/staging-repo/nodejs/google-cloud-library-v1
mkdir -p {CWD}/test/testdata/test_output/staging-repo/nodejs/google-cloud-library-v1
cp -rf {CWD}/test/testdata/test_output/google-cloud-library-v1-gapic-gen-nodejs/my_api.js {CWD}/test/testdata/test_output/staging-repo/nodejs/google-cloud-library-v1
mkdir -p {CWD}/test/testdata/test_output
protoc --proto_path=test/fake-repos/gapi-core-proto/src/main/proto/ --proto_path=test/fake-repos/fake-mixin-proto --proto_path=test/fake-repos/fake-proto --proto_path=MOCK_GRADLE_TASK_OUTPUT --include_imports --include_source_info -o {CWD}/test/testdata/test_output/google-cloud-library-v1.desc test/fake-repos/fake-proto/fake.proto test/fake-repos/fake-mixin-proto/fake_mixin.proto
rm -rf {CWD}/test/testdata/test_output/google-cloud-library-v1-gapic-gen-php
test/fake-repos/toolkit/gradlew -p test/fake-repos/toolkit runCodeGen -Pclargs=--descriptor_set={CWD}/test/testdata/test_output/google-cloud-library-v1.desc,--package_yaml={CWD}/test/testdata/test_output/google-cloud-library-v1_package.yaml,--output={CWD}/test/testdata/test_output/google-cloud-library-v1-gapic-gen-php,--service_yaml={CWD}/test/testdata/gapi-example-library-proto/src/main/proto/google/example/library/library.yaml,--gapic_yaml={CWD}/test/testdata/gapi-example-library-proto/src/main/proto/google/example/library/library_gapic.yaml,--gapic_yaml={CWD}/test/testdata/gapi-example-library-proto/src/main/proto/google/example/library/php_gapic.yaml
rm -rf {CWD}/test/testdata/test_output/staging-repo/php/google-cloud-library-v1
mkdir -p {CWD}/test/testdata/test_output/staging-repo/php/google-cloud-library-v1
cp -rf {CWD}/test/testdata/test_output/google-cloud-library-v1-gapic-gen-php/MyApi.php {CWD}/test/testdata/test_output/staging-repo/php/google-cloud-library-v1
mkdir -p {CWD}/test/testdata/test_output
protoc --proto_path=test/fake-repos/gapi-core-proto/src/main/proto/ --proto_path=test/fake-repos/fake-mixin-proto --proto_path=test/fake-repos/fake-proto --proto_path=MOCK_GRADLE_TASK_OUTPUT --include_imports --include_source_info -o {CWD}/test/testdata/test_output/google-cloud-library-v1.desc test/fake-repos/fake-proto/fake.proto test/fake-repos/fake-mixin-proto/fake_mixin.proto
rm -rf {CWD}/test/testdata/test_output/google-cloud-library-v1-gapic-gen-python                
test/fake-repos/toolkit/gradlew -p test/fake-repos/toolkit runCodeGen -Pclargs=--descriptor_set={CWD}/test/testdata/test_output/google-cloud-library-v1.desc,--package_yaml={CWD}/test/testdata/test_output/google-cloud-library-v1_package.yaml,--output={CWD}/test/testdata/test_output/google-cloud-library-v1-gapic-gen-python,--service_yaml={CWD}/test/testdata/gapi-example-library-proto/src/main/proto/google/example/library/library.yaml,--gapic_yaml={CWD}/test/testdata/gapi-example-library-proto/src/main/proto/google/example/library/library_gapic.yaml,--gapic_yaml={CWD}/test/testdata/gapi-example-library-proto/src/main/proto/google/example/library/python_gapic.yaml
rm -rf {CWD}/test/testdata/test_output/staging-repo/python/google-cloud-library-v1
mkdir -p {CWD}/test/testdata/test_output/staging-repo/python/google-cloud-library-v1
cp -rf {CWD}/test/testdata/test_output/google-cloud-library-v1-gapic-gen-python/my_api.py {CWD}/test/testdata/test_output/staging-repo/python/google-cloud-library-v1
mkdir -p {CWD}/test/testdata/test_output
protoc --proto_path=test/fake-repos/gapi-core-proto/src/main/proto/ --proto_path=test/fake-repos/fake-mixin-proto --proto_path=test/fake-repos/fake-proto --proto_path=MOCK_GRADLE_TASK_OUTPUT --include_imports --include_source_info -o {CWD}/test/testdata/test_output/google-cloud-library-v1.desc test/fake-repos/fake-proto/fake.proto test/fake-repos/fake-mixin-proto/fake_mixin.proto
rm -rf {CWD}/test/testdata/test_output/google-cloud-library-v1-gapic-gen-ruby
test/fake-repos/toolkit/gradlew -p test/fake-repos/toolkit runCodeGen -Pclargs=--descriptor_set={CWD}/test/testdata/test_output/google-cloud-library-v1.desc,--package_yaml={CWD}/test/testdata/test_output/google-cloud-library-v1_package.yaml,--output={CWD}/test/testdata/test_output/google-cloud-library-v1-gapic-gen-ruby,--service_yaml={CWD}/test/testdata/gapi-example-library-proto/src/main/proto/google/example/library/library.yaml,--gapic_yaml={CWD}/test/testdata/gapi-example-library-proto/src/main/proto/google/example/library/library_gapic.yaml,--gapic_yaml={CWD}/test/testdata/gapi-example-library-proto/src/main/proto/google/example/library/ruby_gapic.yaml
rm -rf {CWD}/test/testdata/test_output/staging-repo/ruby/google-cloud-library-v1
mkdir -p {CWD}/test/testdata/test_output/staging-repo/ruby/google-cloud-library-v1
cp -rf {CWD}/test/testdata/test_output/google-cloud-library-v1-gapic-gen-ruby/my_api.rb {CWD}/test/testdata/test_output/staging-repo/ruby/google-cloud-library-v1
