gen-api-package --api_name=library/v1 -l java -o {OUTPUT} --package_prefix google- -i {CWD}/test/fake-repos/gapi-core-proto/src/main/proto -r test/fake-repos/fake-proto --experimental_alt_java
{OUTPUT}/final/gradlew uploadArchives -PmavenRepoUrl=http://maven.example.com/nexus/content/repositories/releases -PmavenUsername=example-maven-uname -PmavenPassword=example-maven-pwd -p{OUTPUT}/final
