gen-api-package --api_name=library/v1 -l python -o {OUTPUT} --package_prefix google- -i {CWD}/test/fake-repos/gapi-core-proto/src/main/proto -r test/fake-repos/fake-proto
devpi login --password example-pwd example-user
devpi use https://example-site.exampledomain.com/example-user/dev
devpi upload --no-vcs --from-dir {OUTPUT}/final
