============== file: gen-api-package_out.txt ==============
gen-api-package called with args: --api_name=logging/v2 -l python -o /var/tmp/pipeline-baseline-test
============== file: library-gen-python/protoc_out.txt ==============
protoc invoked with args: --proto_path=test/fake-repos/gapi-core-proto/src/main/proto/ --proto_path=test/testdata/gapi-example-library-proto/src/main/proto --python_out=/var/tmp/pipeline-baseline-test/library-gen-python --plugin=protoc-gen-grpc=test/fake-bin/grpc_python_plugin --grpc_out=/var/tmp/pipeline-baseline-test/library-gen-python test/testdata/gapi-example-library-proto/src/main/proto/google/example/library/v1/library.proto
============== file: library-vgen-python/gradlew_out.txt ==============
VGen called with args: --descriptor_set=/var/tmp/pipeline-baseline-test/library.desc --output=/var/tmp/pipeline-baseline-test/library-vgen-python --service_yaml=[...]/test/testdata/gapi-example-library-proto/src/main/proto/google/example/library/library.yaml --veneer_yaml=[...]/test/testdata/gapi-example-library-proto/src/main/proto/google/example/library/library_veneer.yaml --veneer_yaml=[...]/test/testdata/gapi-example-library-proto/src/main/proto/google/example/library/python_veneer.yaml
============== file: library.desc/protoc_out.txt ==============
protoc invoked with args: --proto_path=test/fake-repos/gapi-core-proto/src/main/proto/ --proto_path=test/testdata/gapi-example-library-proto/src/main/proto --include_imports --include_source_info -o /var/tmp/pipeline-baseline-test/library.desc test/testdata/gapi-example-library-proto/src/main/proto/google/example/library/v1/library.proto
