mkdir -p {OUTPUT}/google-cloud-library-v1-gen-ruby
grpc_tools_ruby_protoc --proto_path=test/fake-repos/gapi-core-proto/src/main/proto/ --proto_path=test/fake-repos/fake-proto --proto_path=MOCK_GRADLE_TASK_OUTPUT --ruby_out={OUTPUT}/google-cloud-library-v1-gen-ruby --grpc_out={OUTPUT}/google-cloud-library-v1-gen-ruby test/fake-repos/fake-proto/fake.proto
mkdir -p {OUTPUT}/final/lib
cp -rf {OUTPUT}/google-cloud-library-v1-gen-ruby/my_api_services_pb.rb {OUTPUT}/final/lib
cp -rf {OUTPUT}/google-cloud-library-v1-gen-ruby/library_pb.rb {OUTPUT}/final/lib
