mkdir -p {OUTPUT}
protoc --proto_path=test/fake-repos/gapi-core-proto/src/main/proto/ --proto_path=test/fake-repos/fake-proto --proto_path=MOCK_GRADLE_TASK_OUTPUT --include_imports --include_source_info -o {OUTPUT}/library-v1.desc test/fake-repos/fake-proto/fake.proto
rm -rf {OUTPUT}/library-v1-gapic-gen-ruby
test/fake-repos/toolkit/gradlew -p test/fake-repos/toolkit runVGen -Pclargs=--descriptor_set={OUTPUT}/library-v1.desc,--output={OUTPUT}/library-v1-gapic-gen-ruby,--service_yaml={CWD}/test/testdata/gapi-example-library-proto/src/main/proto/google/example/library/library.yaml,--gapic_yaml={CWD}/test/testdata/gapi-example-library-proto/src/main/proto/google/example/library/library_gapic.yaml,--gapic_yaml={CWD}/test/testdata/gapi-example-library-proto/src/main/proto/google/example/library/ruby_gapic.yaml
